This file contains any messages produced by compilers while
running configure, to aid debugging if configure makes a mistake.

It was created by configure, which was
generated by GNU Autoconf 2.69.  Invocation command line was

  $ ./configure 

## --------- ##
## Platform. ##
## --------- ##

hostname = 51df8a170eb5
uname -m = x86_64
uname -r = 6.6.87.2-microsoft-standard-WSL2
uname -s = Linux
uname -v = #1 SMP PREEMPT_DYNAMIC Thu Jun  5 18:30:46 UTC 2025

/usr/bin/uname -p = x86_64
/bin/uname -X     = unknown

/bin/arch              = x86_64
/usr/bin/arch -k       = unknown
/usr/convex/getsysinfo = unknown
/usr/bin/hostinfo      = unknown
/bin/machine           = unknown
/usr/bin/oslevel       = unknown
/bin/universe          = unknown

PATH: /usr/local/sbin
PATH: /usr/local/bin
PATH: /usr/sbin
PATH: /usr/bin
PATH: /sbin
PATH: /bin


## ----------- ##
## Core tests. ##
## ----------- ##

configure:2339: checking for a BSD-compatible install
configure:2407: result: /usr/bin/install -c
configure:2418: checking whether build environment is sane
configure:2455: result: yes
configure:2467: checking whether make sets $(MAKE)
configure:2489: result: yes
configure:2519: checking for working aclocal-1.4
configure:2530: result: missing
configure:2534: checking for working autoconf
configure:2545: result: missing
configure:2549: checking for working automake-1.4
configure:2560: result: missing
configure:2564: checking for working autoheader
configure:2575: result: missing
configure:2579: checking for working makeinfo
configure:2590: result: missing
configure:2644: checking for gcc
configure:2660: found /usr/bin/gcc
configure:2671: result: gcc
configure:2900: checking for C compiler version
configure:2909: gcc --version >&5
gcc (Ubuntu 11.4.0-1ubuntu1~22.04.3) 11.4.0
Copyright (C) 2021 Free Software Foundation, Inc.
This is free software; see the source for copying conditions.  There is NO
warranty; not even for MERCHANTABILITY or FITNESS FOR A PARTICULAR PURPOSE.

configure:2920: $? = 0
configure:2909: gcc -v >&5
Using built-in specs.
COLLECT_GCC=gcc
COLLECT_LTO_WRAPPER=/usr/lib/gcc/x86_64-linux-gnu/11/lto-wrapper
OFFLOAD_TARGET_NAMES=nvptx-none:amdgcn-amdhsa
OFFLOAD_TARGET_DEFAULT=1
Target: x86_64-linux-gnu
Configured with: ../src/configure -v --with-pkgversion='Ubuntu 11.4.0-1ubuntu1~22.04.3' --with-bugurl=file:///usr/share/doc/gcc-11/README.Bugs --enable-languages=c,ada,c++,go,brig,d,fortran,objc,obj-c++,m2 --prefix=/usr --with-gcc-major-version-only --program-suffix=-11 --program-prefix=x86_64-linux-gnu- --enable-shared --enable-linker-build-id --libexecdir=/usr/lib --without-included-gettext --enable-threads=posix --libdir=/usr/lib --enable-nls --enable-bootstrap --enable-clocale=gnu --enable-libstdcxx-debug --enable-libstdcxx-time=yes --with-default-libstdcxx-abi=new --enable-gnu-unique-object --disable-vtable-verify --enable-plugin --enable-default-pie --with-system-zlib --enable-libphobos-checking=release --with-target-system-zlib=auto --enable-objc-gc=auto --enable-multiarch --disable-werror --enable-cet --with-arch-32=i686 --with-abi=m64 --with-multilib-list=m32,m64,mx32 --enable-multilib --with-tune=generic --enable-offload-targets=nvptx-none=/build/gcc-11-0odw26/gcc-11-11.4.0/debian/tmp-nvptx/usr,amdgcn-amdhsa=/build/gcc-11-0odw26/gcc-11-11.4.0/debian/tmp-gcn/usr --without-cuda-driver --enable-checking=release --build=x86_64-linux-gnu --host=x86_64-linux-gnu --target=x86_64-linux-gnu --with-build-config=bootstrap-lto-lean --enable-link-serialization=2
Thread model: posix
Supported LTO compression algorithms: zlib zstd
gcc version 11.4.0 (Ubuntu 11.4.0-1ubuntu1~22.04.3) 
... rest of stderr output deleted ...
configure:2920: $? = 0
configure:2909: gcc -V >&5
gcc: error: unrecognized command-line option '-V'
gcc: fatal error: no input files
compilation terminated.
configure:2920: $? = 1
configure:2909: gcc -qversion >&5
gcc: error: unrecognized command-line option '-qversion'; did you mean '--version'?
gcc: fatal error: no input files
compilation terminated.
configure:2920: $? = 1
configure:2940: checking whether the C compiler works
configure:2962: gcc    conftest.c  >&5
configure:2966: $? = 0
configure:3014: result: yes
configure:3017: checking for C compiler default output file name
configure:3019: result: a.out
configure:3025: checking for suffix of executables
configure:3032: gcc -o conftest    conftest.c  >&5
configure:3036: $? = 0
configure:3058: result: 
configure:3080: checking whether we are cross compiling
configure:3088: gcc -o conftest    conftest.c  >&5
configure:3092: $? = 0
configure:3099: ./conftest
configure:3103: $? = 0
configure:3118: result: no
configure:3123: checking for suffix of object files
configure:3145: gcc -c   conftest.c >&5
configure:3149: $? = 0
configure:3170: result: o
configure:3174: checking whether we are using the GNU C compiler
configure:3193: gcc -c   conftest.c >&5
configure:3193: $? = 0
configure:3202: result: yes
configure:3211: checking whether gcc accepts -g
configure:3231: gcc -c -g  conftest.c >&5
configure:3231: $? = 0
configure:3272: result: yes
configure:3289: checking for gcc option to accept ISO C89
configure:3352: gcc  -c -g -O2  conftest.c >&5
configure:3352: $? = 0
configure:3365: result: none needed
configure:3455: checking build system type
configure:3469: result: x86_64-pc-linux-gnu
configure:3489: checking host system type
configure:3502: result: x86_64-pc-linux-gnu
configure:3544: checking for ld used by GCC
configure:3607: result: /usr/bin/ld
configure:3614: checking if the linker (/usr/bin/ld) is GNU ld
GNU ld (GNU Binutils for Ubuntu) 2.38
configure:3626: result: yes
configure:3631: checking for /usr/bin/ld option to reload object files
configure:3638: result: -r
configure:3643: checking for BSD-compatible nm
configure:3679: result: /usr/bin/nm -B
configure:3682: checking for a sed that does not truncate output
configure:3764: result: /usr/bin/sed
configure:3767: checking whether ln -s works
configure:3771: result: yes
configure:3778: checking how to recognise dependent libraries
configure:3959: result: pass_all
configure:3972: checking command to parse /usr/bin/nm -B output
configure:4056: gcc -c -g -O2  conftest.c >&5
configure:4059: $? = 0
configure:4063: /usr/bin/nm -B conftest.o \| sed -n -e 's/^.*[ 	]\([ABCDGISTW][ABCDGISTW]*\)[ 	][ 	]*\(\)\([_A-Za-z][_A-Za-z0-9]*\)$/\1 \2\3 \3/p' \> conftest.nm
configure:4066: $? = 0
configure:4118: gcc -o conftest -g -O2   conftest.c conftstm.o >&5
configure:4121: $? = 0
configure:4165: result: ok
configure:4174: checking how to run the C preprocessor
configure:4205: gcc -E  conftest.c
configure:4205: $? = 0
configure:4219: gcc -E  conftest.c
conftest.c:11:10: fatal error: ac_nonexistent.h: No such file or directory
   11 | #include <ac_nonexistent.h>
      |          ^~~~~~~~~~~~~~~~~~
compilation terminated.
configure:4219: $? = 1
configure: failed program was:
| /* confdefs.h */
| #define PACKAGE_NAME ""
| #define PACKAGE_TARNAME ""
| #define PACKAGE_VERSION ""
| #define PACKAGE_STRING ""
| #define PACKAGE_BUGREPORT ""
| #define PACKAGE_URL ""
| #define PACKAGE "TC"
| #define VERSION "1.0"
| /* end confdefs.h.  */
| #include <ac_nonexistent.h>
configure:4244: result: gcc -E
configure:4264: gcc -E  conftest.c
configure:4264: $? = 0
configure:4278: gcc -E  conftest.c
conftest.c:11:10: fatal error: ac_nonexistent.h: No such file or directory
   11 | #include <ac_nonexistent.h>
      |          ^~~~~~~~~~~~~~~~~~
compilation terminated.
configure:4278: $? = 1
configure: failed program was:
| /* confdefs.h */
| #define PACKAGE_NAME ""
| #define PACKAGE_TARNAME ""
| #define PACKAGE_VERSION ""
| #define PACKAGE_STRING ""
| #define PACKAGE_BUGREPORT ""
| #define PACKAGE_URL ""
| #define PACKAGE "TC"
| #define VERSION "1.0"
| /* end confdefs.h.  */
| #include <ac_nonexistent.h>
configure:4307: checking for grep that handles long lines and -e
configure:4365: result: /usr/bin/grep
configure:4370: checking for egrep
configure:4432: result: /usr/bin/grep -E
configure:4437: checking for ANSI C header files
configure:4457: gcc -c -g -O2  conftest.c >&5
configure:4457: $? = 0
configure:4530: gcc -o conftest -g -O2   conftest.c  >&5
configure:4530: $? = 0
configure:4530: ./conftest
configure:4530: $? = 0
configure:4541: result: yes
configure:4554: checking for sys/types.h
configure:4554: gcc -c -g -O2  conftest.c >&5
configure:4554: $? = 0
configure:4554: result: yes
configure:4554: checking for sys/stat.h
configure:4554: gcc -c -g -O2  conftest.c >&5
configure:4554: $? = 0
configure:4554: result: yes
configure:4554: checking for stdlib.h
configure:4554: gcc -c -g -O2  conftest.c >&5
configure:4554: $? = 0
configure:4554: result: yes
configure:4554: checking for string.h
configure:4554: gcc -c -g -O2  conftest.c >&5
configure:4554: $? = 0
configure:4554: result: yes
configure:4554: checking for memory.h
configure:4554: gcc -c -g -O2  conftest.c >&5
configure:4554: $? = 0
configure:4554: result: yes
configure:4554: checking for strings.h
configure:4554: gcc -c -g -O2  conftest.c >&5
configure:4554: $? = 0
configure:4554: result: yes
configure:4554: checking for inttypes.h
configure:4554: gcc -c -g -O2  conftest.c >&5
configure:4554: $? = 0
configure:4554: result: yes
configure:4554: checking for stdint.h
configure:4554: gcc -c -g -O2  conftest.c >&5
configure:4554: $? = 0
configure:4554: result: yes
configure:4554: checking for unistd.h
configure:4554: gcc -c -g -O2  conftest.c >&5
configure:4554: $? = 0
configure:4554: result: yes
configure:4568: checking dlfcn.h usability
configure:4568: gcc -c -g -O2  conftest.c >&5
configure:4568: $? = 0
configure:4568: result: yes
configure:4568: checking dlfcn.h presence
configure:4568: gcc -E  conftest.c
configure:4568: $? = 0
configure:4568: result: yes
configure:4568: checking for dlfcn.h
configure:4568: result: yes
configure:4765: checking for ranlib
configure:4781: found /usr/bin/ranlib
configure:4792: result: ranlib
configure:4857: checking for strip
configure:4873: found /usr/bin/strip
configure:4884: result: strip
configure:4947: gcc -c -g -O2  conftest.c >&5
configure:4950: $? = 0
configure:5103: checking for objdir
configure:5114: result: .libs
configure:5131: checking for gcc option to produce PIC
configure:5277: result: -fPIC
configure:5281: checking if gcc PIC flag -fPIC works
configure:5299: gcc -c -g -O2 -fPIC -DPIC  conftest.c >&5
configure:5299: $? = 0
configure:5333: result: yes
configure:5349: checking if gcc static flag -static works
configure:5368: gcc -o conftest -g -O2   -static conftest.c  >&5
configure:5368: $? = 0
configure:5380: result: yes
configure:5392: checking if gcc supports -c -o file.o
configure:5412: gcc -c -g -O2 -o out/conftest2.o  conftest.c >&5
configure:5436: result: yes
configure:5441: checking if gcc supports -c -o file.lo
configure:5463: gcc -c -g -O2 -c -o conftest.lo  conftest.c >&5
configure:5463: $? = 0
configure:5480: result: yes
configure:5511: checking if gcc supports -fno-rtti -fno-exceptions
configure:5528: gcc -c -g -O2 -fno-rtti -fno-exceptions -c conftest.c  conftest.c >&5
cc1: warning: command-line option '-fno-rtti' is valid for C++/D/ObjC++ but not for C
cc1: warning: command-line option '-fno-rtti' is valid for C++/D/ObjC++ but not for C
configure:5528: $? = 0
configure:5540: result: no
configure:5551: checking whether the linker (/usr/bin/ld) supports shared libraries
configure:6246: result: yes
configure:6251: checking how to hardcode library paths into programs
configure:6275: result: immediate
configure:6280: checking whether stripping libraries is possible
configure:6285: result: yes
configure:6296: checking dynamic linker characteristics
configure:6564: gcc -c -g -O2  conftest.c >&5
configure:6567: $? = 0
configure:6734: result: GNU/Linux ld.so
configure:6739: checking if libtool supports shared libraries
configure:6741: result: yes
configure:6744: checking whether to build shared libraries
configure:6765: result: yes
configure:6768: checking whether to build static libraries
configure:6772: result: yes
configure:7232: checking whether -lc should be explicitly linked in
configure:7240: gcc -c -g -O2  conftest.c >&5
configure:7243: $? = 0
configure:7257: gcc -shared conftest.o  -v -Wl,-soname -Wl,conftest -o conftest 2\>\&1 \| grep  -lc  \>/dev/null 2\>\&1
configure:7260: $? = 0
configure:7273: result: no
configure:7847: checking for BN_add in -lcrypto
configure:7872: gcc -o conftest -g -O2   conftest.c -lcrypto   >&5
configure:7872: $? = 0
configure:7881: result: yes
configure:7895: checking for ANSI C header files
configure:7999: result: yes
configure:8010: checking stdio.h usability
configure:8010: gcc -c -g -O2  conftest.c >&5
configure:8010: $? = 0
configure:8010: result: yes
configure:8010: checking stdio.h presence
configure:8010: gcc -E  conftest.c
configure:8010: $? = 0
configure:8010: result: yes
configure:8010: checking for stdio.h
configure:8010: result: yes
configure:8010: checking openssl/bn.h usability
configure:8010: gcc -c -g -O2  conftest.c >&5
configure:8010: $? = 0
configure:8010: result: yes
configure:8010: checking openssl/bn.h presence
configure:8010: gcc -E  conftest.c
configure:8010: $? = 0
configure:8010: result: yes
configure:8010: checking for openssl/bn.h
configure:8010: result: yes
configure:8010: checking openssl/evp.h usability
configure:8010: gcc -c -g -O2  conftest.c >&5
configure:8010: $? = 0
configure:8010: result: yes
configure:8010: checking openssl/evp.h presence
configure:8010: gcc -E  conftest.c
configure:8010: $? = 0
configure:8010: result: yes
configure:8010: checking for openssl/evp.h
configure:8010: result: yes
configure:8010: checking for unistd.h
configure:8010: result: yes
configure:8021: checking for an ANSI C-conforming const
configure:8087: gcc -c -g -O2  conftest.c >&5
configure:8087: $? = 0
configure:8094: result: yes
configure:8212: creating ./config.status

## ---------------------- ##
## Running config.status. ##
## ---------------------- ##

This file was extended by config.status, which was
generated by GNU Autoconf 2.69.  Invocation command line was

  CONFIG_FILES    = 
  CONFIG_HEADERS  = 
  CONFIG_LINKS    = 
  CONFIG_COMMANDS = 
  $ ./config.status 

on 51df8a170eb5

config.status:842: creating Makefile
config.status:945: WARNING:  'Makefile.in' seems to ignore the --datarootdir setting
config.status:842: creating config.h
config.status:1031: executing default-1 commands

## ---------------- ##
## Cache variables. ##
## ---------------- ##

ac_cv_build=x86_64-pc-linux-gnu
ac_cv_c_compiler_gnu=yes
ac_cv_c_const=yes
ac_cv_env_CC_set=
ac_cv_env_CC_value=
ac_cv_env_CFLAGS_set=
ac_cv_env_CFLAGS_value=
ac_cv_env_CPPFLAGS_set=
ac_cv_env_CPPFLAGS_value=
ac_cv_env_CPP_set=
ac_cv_env_CPP_value=
ac_cv_env_LDFLAGS_set=
ac_cv_env_LDFLAGS_value=
ac_cv_env_LIBS_set=
ac_cv_env_LIBS_value=
ac_cv_env_build_alias_set=
ac_cv_env_build_alias_value=
ac_cv_env_host_alias_set=
ac_cv_env_host_alias_value=
ac_cv_env_target_alias_set=
ac_cv_env_target_alias_value=
ac_cv_header_dlfcn_h=yes
ac_cv_header_inttypes_h=yes
ac_cv_header_memory_h=yes
ac_cv_header_openssl_bn_h=yes
ac_cv_header_openssl_evp_h=yes
ac_cv_header_stdc=yes
ac_cv_header_stdint_h=yes
ac_cv_header_stdio_h=yes
ac_cv_header_stdlib_h=yes
ac_cv_header_string_h=yes
ac_cv_header_strings_h=yes
ac_cv_header_sys_stat_h=yes
ac_cv_header_sys_types_h=yes
ac_cv_header_unistd_h=yes
ac_cv_host=x86_64-pc-linux-gnu
ac_cv_lib_crypto_BN_add=yes
ac_cv_objext=o
ac_cv_path_EGREP='/usr/bin/grep -E'
ac_cv_path_GREP=/usr/bin/grep
ac_cv_path_install='/usr/bin/install -c'
ac_cv_prog_CPP='gcc -E'
ac_cv_prog_ac_ct_CC=gcc
ac_cv_prog_ac_ct_RANLIB=ranlib
ac_cv_prog_ac_ct_STRIP=strip
ac_cv_prog_cc_c89=
ac_cv_prog_cc_g=yes
ac_cv_prog_make_make_set=yes
lt_cv_archive_cmds_need_lc=no
lt_cv_cc_64bit_output=yes
lt_cv_compiler_c_o=yes
lt_cv_compiler_o_lo=yes
lt_cv_deplibs_check_method=pass_all
lt_cv_file_magic_cmd='$MAGIC_CMD'
lt_cv_file_magic_test_file='/lib/libc.so* /lib/libc-*.so'
lt_cv_global_symbol_to_c_name_address='sed -n -e '\''s/^: \([^ ]*\) $/  {\"\1\", (lt_ptr) 0},/p'\'' -e '\''s/^[BCDEGRST] \([^ ]*\) \([^ ]*\)$/  {"\2", (lt_ptr) \&\2},/p'\'''
lt_cv_global_symbol_to_cdecl='sed -n -e '\''s/^. .* \(.*\)$/extern char \1;/p'\'''
lt_cv_ld_reload_flag=-r
lt_cv_path_LD=/usr/bin/ld
lt_cv_path_NM='/usr/bin/nm -B'
lt_cv_path_SED=/usr/bin/sed
lt_cv_prog_cc_can_build_shared=yes
lt_cv_prog_cc_no_builtin=
lt_cv_prog_cc_pic=' -fPIC'
lt_cv_prog_cc_pic_works=yes
lt_cv_prog_cc_shlib=
lt_cv_prog_cc_static=-static
lt_cv_prog_cc_static_works=yes
lt_cv_prog_cc_wl=-Wl,
lt_cv_prog_gnu_ld=yes
lt_cv_sys_global_symbol_pipe='sed -n -e '\''s/^.*[ 	]\([ABCDGISTW][ABCDGISTW]*\)[ 	][ 	]*\(\)\([_A-Za-z][_A-Za-z0-9]*\)$/\1 \2\3 \3/p'\'''

## ----------------- ##
## Output variables. ##
## ----------------- ##

ACLOCAL='/root/cs2910/prime/OpenTC-1.1/TC-lib-1.0/missing aclocal-1.4'
AUTOCONF='/root/cs2910/prime/OpenTC-1.1/TC-lib-1.0/missing autoconf'
AUTOHEADER='/root/cs2910/prime/OpenTC-1.1/TC-lib-1.0/missing autoheader'
AUTOMAKE='/root/cs2910/prime/OpenTC-1.1/TC-lib-1.0/missing automake-1.4'
CC='gcc'
CFLAGS='-g -O2'
CPP='gcc -E'
CPPFLAGS=''
DEFS='-DHAVE_CONFIG_H'
ECHO='echo'
ECHO_C=''
ECHO_N='-n'
ECHO_T=''
EGREP='/usr/bin/grep -E'
EXEEXT=''
GREP='/usr/bin/grep'
INSTALL_DATA='${INSTALL} -m 644'
INSTALL_PROGRAM='${INSTALL}'
INSTALL_SCRIPT='${INSTALL}'
LDFLAGS=''
LIBOBJS=''
LIBS='-lcrypto '
LIBTOOL='$(SHELL) $(top_builddir)/libtool'
LN_S='ln -s'
LTLIBOBJS=''
MAKEINFO='/root/cs2910/prime/OpenTC-1.1/TC-lib-1.0/missing makeinfo'
OBJEXT='o'
PACKAGE='TC'
PACKAGE_BUGREPORT=''
PACKAGE_NAME=''
PACKAGE_STRING=''
PACKAGE_TARNAME=''
PACKAGE_URL=''
PACKAGE_VERSION=''
PATH_SEPARATOR=':'
RANLIB='ranlib'
SET_MAKE=''
SHELL='/bin/bash'
STRIP='strip'
VERSION='1.0'
ac_ct_CC='gcc'
bindir='${exec_prefix}/bin'
build='x86_64-pc-linux-gnu'
build_alias=''
build_cpu='x86_64'
build_os='linux-gnu'
build_vendor='pc'
datadir='${datarootdir}'
datarootdir='${prefix}/share'
docdir='${datarootdir}/doc/${PACKAGE}'
dvidir='${docdir}'
exec_prefix='${prefix}'
host='x86_64-pc-linux-gnu'
host_alias=''
host_cpu='x86_64'
host_os='linux-gnu'
host_vendor='pc'
htmldir='${docdir}'
includedir='${prefix}/include'
infodir='${datarootdir}/info'
libdir='${exec_prefix}/lib'
libexecdir='${exec_prefix}/libexec'
localedir='${datarootdir}/locale'
localstatedir='${prefix}/var'
mandir='${datarootdir}/man'
oldincludedir='/usr/include'
pdfdir='${docdir}'
prefix='/usr/local'
program_transform_name='s,x,x,'
psdir='${docdir}'
sbindir='${exec_prefix}/sbin'
sharedstatedir='${prefix}/com'
sysconfdir='${prefix}/etc'
target_alias=''

## ----------- ##
## confdefs.h. ##
## ----------- ##

/* confdefs.h */
#define PACKAGE_NAME ""
#define PACKAGE_TARNAME ""
#define PACKAGE_VERSION ""
#define PACKAGE_STRING ""
#define PACKAGE_BUGREPORT ""
#define PACKAGE_URL ""
#define PACKAGE "TC"
#define VERSION "1.0"
#define STDC_HEADERS 1
#define HAVE_SYS_TYPES_H 1
#define HAVE_SYS_STAT_H 1
#define HAVE_STDLIB_H 1
#define HAVE_STRING_H 1
#define HAVE_MEMORY_H 1
#define HAVE_STRINGS_H 1
#define HAVE_INTTYPES_H 1
#define HAVE_STDINT_H 1
#define HAVE_UNISTD_H 1
#define HAVE_DLFCN_H 1
#define HAVE_LIBCRYPTO 1
#define STDC_HEADERS 1
#define HAVE_STDIO_H 1
#define HAVE_OPENSSL_BN_H 1
#define HAVE_OPENSSL_EVP_H 1
#define HAVE_UNISTD_H 1

configure: exit 0
