This file contains any messages produced by compilers while
running configure, to aid debugging if configure makes a mistake.

It was created by configure, which was
generated by GNU Autoconf 2.61.  Invocation command line was

  $ ./configure 

## --------- ##
## Platform. ##
## --------- ##

hostname = 51df8a170eb5
uname -m = x86_64
uname -r = 6.6.87.2-microsoft-standard-WSL2
uname -s = Linux
uname -v = #1 SMP PREEMPT_DYNAMIC Thu Jun  5 18:30:46 UTC 2025

/usr/bin/uname -p = x86_64
/bin/uname -X     = unknown

/bin/arch              = x86_64
/usr/bin/arch -k       = unknown
/usr/convex/getsysinfo = unknown
/usr/bin/hostinfo      = unknown
/bin/machine           = unknown
/usr/bin/oslevel       = unknown
/bin/universe          = unknown

PATH: /root/.vscode-server/bin/7d842fb85a0275a4a8e4d7e040d2625abbf7f084/bin/remote-cli
PATH: /usr/local/sbin
PATH: /usr/local/bin
PATH: /usr/sbin
PATH: /usr/bin
PATH: /sbin
PATH: /bin


## ----------- ##
## Core tests. ##
## ----------- ##

configure:1790: checking for gcc
configure:1806: found /usr/bin/gcc
configure:1817: result: gcc
configure:2055: checking for C compiler version
configure:2062: gcc --version >&5
gcc (Ubuntu 11.4.0-1ubuntu1~22.04.3) 11.4.0
Copyright (C) 2021 Free Software Foundation, Inc.
This is free software; see the source for copying conditions.  There is NO
warranty; not even for MERCHANTABILITY or FITNESS FOR A PARTICULAR PURPOSE.

configure:2065: $? = 0
configure:2072: gcc -v >&5
Using built-in specs.
COLLECT_GCC=gcc
COLLECT_LTO_WRAPPER=/usr/lib/gcc/x86_64-linux-gnu/11/lto-wrapper
OFFLOAD_TARGET_NAMES=nvptx-none:amdgcn-amdhsa
OFFLOAD_TARGET_DEFAULT=1
Target: x86_64-linux-gnu
Configured with: ../src/configure -v --with-pkgversion='Ubuntu 11.4.0-1ubuntu1~22.04.3' --with-bugurl=file:///usr/share/doc/gcc-11/README.Bugs --enable-languages=c,ada,c++,go,brig,d,fortran,objc,obj-c++,m2 --prefix=/usr --with-gcc-major-version-only --program-suffix=-11 --program-prefix=x86_64-linux-gnu- --enable-shared --enable-linker-build-id --libexecdir=/usr/lib --without-included-gettext --enable-threads=posix --libdir=/usr/lib --enable-nls --enable-bootstrap --enable-clocale=gnu --enable-libstdcxx-debug --enable-libstdcxx-time=yes --with-default-libstdcxx-abi=new --enable-gnu-unique-object --disable-vtable-verify --enable-plugin --enable-default-pie --with-system-zlib --enable-libphobos-checking=release --with-target-system-zlib=auto --enable-objc-gc=auto --enable-multiarch --disable-werror --enable-cet --with-arch-32=i686 --with-abi=m64 --with-multilib-list=m32,m64,mx32 --enable-multilib --with-tune=generic --enable-offload-targets=nvptx-none=/build/gcc-11-0odw26/gcc-11-11.4.0/debian/tmp-nvptx/usr,amdgcn-amdhsa=/build/gcc-11-0odw26/gcc-11-11.4.0/debian/tmp-gcn/usr --without-cuda-driver --enable-checking=release --build=x86_64-linux-gnu --host=x86_64-linux-gnu --target=x86_64-linux-gnu --with-build-config=bootstrap-lto-lean --enable-link-serialization=2
Thread model: posix
Supported LTO compression algorithms: zlib zstd
gcc version 11.4.0 (Ubuntu 11.4.0-1ubuntu1~22.04.3) 
configure:2075: $? = 0
configure:2082: gcc -V >&5
gcc: error: unrecognized command-line option '-V'
gcc: fatal error: no input files
compilation terminated.
configure:2085: $? = 1
configure:2108: checking for C compiler default output file name
configure:2135: gcc    conftest.c  >&5
configure:2138: $? = 0
configure:2176: result: a.out
configure:2193: checking whether the C compiler works
configure:2203: ./a.out
configure:2206: $? = 0
configure:2223: result: yes
configure:2230: checking whether we are cross compiling
configure:2232: result: no
configure:2235: checking for suffix of executables
configure:2242: gcc -o conftest    conftest.c  >&5
configure:2245: $? = 0
configure:2269: result: 
configure:2275: checking for suffix of object files
configure:2301: gcc -c   conftest.c >&5
configure:2304: $? = 0
configure:2327: result: o
configure:2331: checking whether we are using the GNU C compiler
configure:2360: gcc -c   conftest.c >&5
configure:2366: $? = 0
configure:2383: result: yes
configure:2388: checking whether gcc accepts -g
configure:2418: gcc -c -g  conftest.c >&5
configure:2424: $? = 0
configure:2523: result: yes
configure:2540: checking for gcc option to accept ISO C89
configure:2614: gcc  -c -g -O2  conftest.c >&5
configure:2620: $? = 0
configure:2643: result: none needed
configure:2663: checking for ar
configure:2681: found /usr/bin/ar
configure:2693: result: /usr/bin/ar
configure:2701: checking whether ln -s works
configure:2705: result: yes
configure:2725: checking for a BSD-compatible install
configure:2781: result: /usr/bin/install -c
configure:2814: checking if we need -pthread for threads
configure:2842: gcc -o conftest -Wall  -pthread  conftest.c  >&5
configure:2848: $? = 0
configure:2869: result: yes
configure:2883: checking for pthread_create in -lpthread
configure:2918: gcc -o conftest -Wall   conftest.c -lpthread   >&5
configure:2924: $? = 0
configure:2942: result: yes
configure:2954: checking for thr_create in -lthread
configure:2989: gcc -o conftest -Wall   conftest.c -lthread  -lpthread  >&5
/usr/bin/ld: cannot find -lthread: No such file or directory
collect2: error: ld returned 1 exit status
configure:2995: $? = 1
configure: failed program was:
| /* confdefs.h.  */
| #define PACKAGE_NAME ""
| #define PACKAGE_TARNAME ""
| #define PACKAGE_VERSION ""
| #define PACKAGE_STRING ""
| #define PACKAGE_BUGREPORT ""
| #define HAVE_LIBPTHREAD 1
| /* end confdefs.h.  */
| 
| /* Override any GCC internal prototype to avoid an error.
|    Use char because int might match the return type of a GCC
|    builtin and then its argument prototype would still apply.  */
| #ifdef __cplusplus
| extern "C"
| #endif
| char thr_create ();
| int
| main ()
| {
| return thr_create ();
|   ;
|   return 0;
| }
configure:3013: result: no
configure:3025: checking for sem_wait in -lposix4
configure:3060: gcc -o conftest -Wall   conftest.c -lposix4  -lpthread  >&5
/usr/bin/ld: cannot find -lposix4: No such file or directory
collect2: error: ld returned 1 exit status
configure:3066: $? = 1
configure: failed program was:
| /* confdefs.h.  */
| #define PACKAGE_NAME ""
| #define PACKAGE_TARNAME ""
| #define PACKAGE_VERSION ""
| #define PACKAGE_STRING ""
| #define PACKAGE_BUGREPORT ""
| #define HAVE_LIBPTHREAD 1
| /* end confdefs.h.  */
| 
| /* Override any GCC internal prototype to avoid an error.
|    Use char because int might match the return type of a GCC
|    builtin and then its argument prototype would still apply.  */
| #ifdef __cplusplus
| extern "C"
| #endif
| char sem_wait ();
| int
| main ()
| {
| return sem_wait ();
|   ;
|   return 0;
| }
configure:3084: result: no
configure:3107: checking build system type
configure:3125: result: x86_64-pc-linux-gnu
configure:3147: checking host system type
configure:3162: result: x86_64-pc-linux-gnu
configure:3234: checking how to run the C preprocessor
configure:3274: gcc -E  conftest.c
configure:3280: $? = 0
configure:3311: gcc -E  conftest.c
conftest.c:9:10: fatal error: ac_nonexistent.h: No such file or directory
    9 | #include <ac_nonexistent.h>
      |          ^~~~~~~~~~~~~~~~~~
compilation terminated.
configure:3317: $? = 1
configure: failed program was:
| /* confdefs.h.  */
| #define PACKAGE_NAME ""
| #define PACKAGE_TARNAME ""
| #define PACKAGE_VERSION ""
| #define PACKAGE_STRING ""
| #define PACKAGE_BUGREPORT ""
| #define HAVE_LIBPTHREAD 1
| /* end confdefs.h.  */
| #include <ac_nonexistent.h>
configure:3350: result: gcc -E
configure:3379: gcc -E  conftest.c
configure:3385: $? = 0
configure:3416: gcc -E  conftest.c
conftest.c:9:10: fatal error: ac_nonexistent.h: No such file or directory
    9 | #include <ac_nonexistent.h>
      |          ^~~~~~~~~~~~~~~~~~
compilation terminated.
configure:3422: $? = 1
configure: failed program was:
| /* confdefs.h.  */
| #define PACKAGE_NAME ""
| #define PACKAGE_TARNAME ""
| #define PACKAGE_VERSION ""
| #define PACKAGE_STRING ""
| #define PACKAGE_BUGREPORT ""
| #define HAVE_LIBPTHREAD 1
| /* end confdefs.h.  */
| #include <ac_nonexistent.h>
configure:3460: checking for grep that handles long lines and -e
configure:3534: result: /usr/bin/grep
configure:3539: checking for egrep
configure:3617: result: /usr/bin/grep -E
configure:3622: checking for ANSI C header files
configure:3652: gcc -c -Wall  conftest.c >&5
configure:3658: $? = 0
configure:3757: gcc -o conftest -Wall   conftest.c  >&5
configure:3760: $? = 0
configure:3766: ./conftest
configure:3769: $? = 0
configure:3786: result: yes
configure:3810: checking for sys/types.h
configure:3831: gcc -c -Wall  conftest.c >&5
configure:3837: $? = 0
configure:3853: result: yes
configure:3810: checking for sys/stat.h
configure:3831: gcc -c -Wall  conftest.c >&5
configure:3837: $? = 0
configure:3853: result: yes
configure:3810: checking for stdlib.h
configure:3831: gcc -c -Wall  conftest.c >&5
configure:3837: $? = 0
configure:3853: result: yes
configure:3810: checking for string.h
configure:3831: gcc -c -Wall  conftest.c >&5
configure:3837: $? = 0
configure:3853: result: yes
configure:3810: checking for memory.h
configure:3831: gcc -c -Wall  conftest.c >&5
configure:3837: $? = 0
configure:3853: result: yes
configure:3810: checking for strings.h
configure:3831: gcc -c -Wall  conftest.c >&5
configure:3837: $? = 0
configure:3853: result: yes
configure:3810: checking for inttypes.h
configure:3831: gcc -c -Wall  conftest.c >&5
configure:3837: $? = 0
configure:3853: result: yes
configure:3810: checking for stdint.h
configure:3831: gcc -c -Wall  conftest.c >&5
configure:3837: $? = 0
configure:3853: result: yes
configure:3810: checking for unistd.h
configure:3831: gcc -c -Wall  conftest.c >&5
configure:3837: $? = 0
configure:3853: result: yes
configure:3865: checking for char
configure:3895: gcc -c -Wall  conftest.c >&5
configure:3901: $? = 0
configure:3916: result: yes
configure:3923: checking size of char
configure:4225: gcc -o conftest -Wall   conftest.c  >&5
configure:4228: $? = 0
configure:4234: ./conftest
configure:4237: $? = 0
configure:4260: result: 1
configure:4270: checking for short
configure:4300: gcc -c -Wall  conftest.c >&5
configure:4306: $? = 0
configure:4321: result: yes
configure:4328: checking size of short
configure:4630: gcc -o conftest -Wall   conftest.c  >&5
configure:4633: $? = 0
configure:4639: ./conftest
configure:4642: $? = 0
configure:4665: result: 2
configure:4675: checking for int
configure:4705: gcc -c -Wall  conftest.c >&5
configure:4711: $? = 0
configure:4726: result: yes
configure:4733: checking size of int
configure:5035: gcc -o conftest -Wall   conftest.c  >&5
configure:5038: $? = 0
configure:5044: ./conftest
configure:5047: $? = 0
configure:5070: result: 4
configure:5080: checking for long
configure:5110: gcc -c -Wall  conftest.c >&5
configure:5116: $? = 0
configure:5131: result: yes
configure:5138: checking size of long
configure:5440: gcc -o conftest -Wall   conftest.c  >&5
configure:5443: $? = 0
configure:5449: ./conftest
configure:5452: $? = 0
configure:5475: result: 8
configure:5485: checking for long long
configure:5515: gcc -c -Wall  conftest.c >&5
configure:5521: $? = 0
configure:5536: result: yes
configure:5543: checking size of long long
configure:5845: gcc -o conftest -Wall   conftest.c  >&5
configure:5848: $? = 0
configure:5854: ./conftest
configure:5857: $? = 0
configure:5880: result: 8
configure:5890: checking for size_t
configure:5920: gcc -c -Wall  conftest.c >&5
configure:5926: $? = 0
configure:5941: result: yes
configure:5948: checking size of size_t
configure:6250: gcc -o conftest -Wall   conftest.c  >&5
configure:6253: $? = 0
configure:6259: ./conftest
configure:6262: $? = 0
configure:6285: result: 8
configure:6295: checking for void *
configure:6325: gcc -c -Wall  conftest.c >&5
configure:6331: $? = 0
configure:6346: result: yes
configure:6353: checking size of void *
configure:6655: gcc -o conftest -Wall   conftest.c  >&5
configure:6658: $? = 0
configure:6664: ./conftest
configure:6667: $? = 0
configure:6690: result: 8
configure:6701: checking checking all necessary integer types are available and appropriate
configure:6747: gcc -o conftest -Wall   conftest.c  >&5
configure:6750: $? = 0
configure:6756: ./conftest
configure:6759: $? = 0
configure:6761: result: yes
configure:6778: checking if NULL pointers are represented as all zeroes in memory
configure:6843: gcc -o conftest -Wall   conftest.c  >&5
configure:6846: $? = 0
configure:6852: ./conftest
configure:6855: $? = 0
configure:6860: result: yes
configure:6884: checking byte alignment requirements
configure:6969: gcc -o conftest -Wall   conftest.c  >&5
configure:6972: $? = 0
configure:6978: ./conftest
configure:6981: $? = 116
configure: program exited with status 116
configure: failed program was:
| /* confdefs.h.  */
| #define PACKAGE_NAME ""
| #define PACKAGE_TARNAME ""
| #define PACKAGE_VERSION ""
| #define PACKAGE_STRING ""
| #define PACKAGE_BUGREPORT ""
| #define HAVE_LIBPTHREAD 1
| #define STDC_HEADERS 1
| #define HAVE_SYS_TYPES_H 1
| #define HAVE_SYS_STAT_H 1
| #define HAVE_STDLIB_H 1
| #define HAVE_STRING_H 1
| #define HAVE_MEMORY_H 1
| #define HAVE_STRINGS_H 1
| #define HAVE_INTTYPES_H 1
| #define HAVE_STDINT_H 1
| #define HAVE_UNISTD_H 1
| #define SIZEOF_CHAR 1
| #define SIZEOF_SHORT 2
| #define SIZEOF_INT 4
| #define SIZEOF_LONG 8
| #define SIZEOF_LONG_LONG 8
| #define SIZEOF_SIZE_T 8
| #define SIZEOF_VOID_P 8
| #define STDARCH_NULL_IS_ZERO 1
| /* end confdefs.h.  */
| 
| #include <stdlib.h>
| #include <stddef.h>
| 
| struct {
|   char x;
|   long y;
| 
| } long_test;
| 
| struct {
|   char x;
| #if defined(_MSC_VER)
|   __int64 y;
| #elif (SIZEOF_LONG == 8)
|   long y;
| #elif (SIZEOF_LONG_LONG == 8)
|   long long y;
| #endif
| 
| } int64_test;
| 
| struct {
|   char        x;
|   long double y;
| 
| } long_double_test;
| 
| struct {
|   char   x;
|   void * y;
| 
| } voidp_test;
| 
| int main()
| {
|   ptrdiff_t max = (char*) &long_test.y - (char*) &long_test.x;
|   ptrdiff_t tmp;
| 
|   tmp = (char*) &int64_test.y - (char*) &int64_test.x;
| 
|   if (tmp > max) {
|     max = tmp;
|   }
| 
|   tmp = (char*) &voidp_test.y - (char*) &voidp_test.x;
| 
|   if (tmp > max) {
|     max = tmp;
|   }
| 
|   tmp = (char*) &long_double_test.y - (char*) &long_double_test.x;
| 
|   if (tmp > max) {
|     max = tmp;
|   }
| 
|   exit(100 + (int) max);
|   return 100 + (int) max;
| }
| 
configure:7000: result: 16
configure:7014: checking endianness of architecture
configure:7048: gcc -o conftest -Wall   conftest.c  >&5
configure:7051: $? = 0
configure:7057: ./conftest
configure:7060: $? = 101
configure: program exited with status 101
configure: failed program was:
| /* confdefs.h.  */
| #define PACKAGE_NAME ""
| #define PACKAGE_TARNAME ""
| #define PACKAGE_VERSION ""
| #define PACKAGE_STRING ""
| #define PACKAGE_BUGREPORT ""
| #define HAVE_LIBPTHREAD 1
| #define STDC_HEADERS 1
| #define HAVE_SYS_TYPES_H 1
| #define HAVE_SYS_STAT_H 1
| #define HAVE_STDLIB_H 1
| #define HAVE_STRING_H 1
| #define HAVE_MEMORY_H 1
| #define HAVE_STRINGS_H 1
| #define HAVE_INTTYPES_H 1
| #define HAVE_STDINT_H 1
| #define HAVE_UNISTD_H 1
| #define SIZEOF_CHAR 1
| #define SIZEOF_SHORT 2
| #define SIZEOF_INT 4
| #define SIZEOF_LONG 8
| #define SIZEOF_LONG_LONG 8
| #define SIZEOF_SIZE_T 8
| #define SIZEOF_VOID_P 8
| #define STDARCH_NULL_IS_ZERO 1
| #define STDARCH_MAX_BYTE_ALIGNMENT 16
| /* end confdefs.h.  */
| 
| #include <stdlib.h>
| 
| int main()
| {
|   short  x    = 0x1;
|   char * xptr = (char*) &x;
| 
|   exit(100 + (xptr[0] == 1));  /* return 101 if bytes are opposite of network order, else 100 */
|   return 100 + (xptr[0] == 1);
| }
| 
configure:7134: gcc -o conftest -Wall   conftest.c  >&5
configure:7137: $? = 0
configure:7143: ./conftest
configure:7146: $? = 103
configure: program exited with status 103
configure: failed program was:
| /* confdefs.h.  */
| #define PACKAGE_NAME ""
| #define PACKAGE_TARNAME ""
| #define PACKAGE_VERSION ""
| #define PACKAGE_STRING ""
| #define PACKAGE_BUGREPORT ""
| #define HAVE_LIBPTHREAD 1
| #define STDC_HEADERS 1
| #define HAVE_SYS_TYPES_H 1
| #define HAVE_SYS_STAT_H 1
| #define HAVE_STDLIB_H 1
| #define HAVE_STRING_H 1
| #define HAVE_MEMORY_H 1
| #define HAVE_STRINGS_H 1
| #define HAVE_INTTYPES_H 1
| #define HAVE_STDINT_H 1
| #define HAVE_UNISTD_H 1
| #define SIZEOF_CHAR 1
| #define SIZEOF_SHORT 2
| #define SIZEOF_INT 4
| #define SIZEOF_LONG 8
| #define SIZEOF_LONG_LONG 8
| #define SIZEOF_SIZE_T 8
| #define SIZEOF_VOID_P 8
| #define STDARCH_NULL_IS_ZERO 1
| #define STDARCH_MAX_BYTE_ALIGNMENT 16
| #define STDENDIAN16_SWAP 1
| /* end confdefs.h.  */
| 
| #include <stdlib.h>
| 
| int main()
| {
| #if (SIZEOF_INT == 4)
|   int x = 0x1;
| #elif (SIZEOF_LONG == 4)
|   long x = 0x1;
| #endif
|   char * xptr = (char*) &x;
|   int        i;
| 
|   x <<= 24;
| 
|   for (i = 0; i < sizeof(x) && xptr[i] == 0; ++i);
| 
|   exit(100 + i);
|   return 100 + i;
| }
| 
configure:7224: gcc -o conftest -Wall   conftest.c  >&5
configure:7227: $? = 0
configure:7233: ./conftest
configure:7236: $? = 102
configure: program exited with status 102
configure: failed program was:
| /* confdefs.h.  */
| #define PACKAGE_NAME ""
| #define PACKAGE_TARNAME ""
| #define PACKAGE_VERSION ""
| #define PACKAGE_STRING ""
| #define PACKAGE_BUGREPORT ""
| #define HAVE_LIBPTHREAD 1
| #define STDC_HEADERS 1
| #define HAVE_SYS_TYPES_H 1
| #define HAVE_SYS_STAT_H 1
| #define HAVE_STDLIB_H 1
| #define HAVE_STRING_H 1
| #define HAVE_MEMORY_H 1
| #define HAVE_STRINGS_H 1
| #define HAVE_INTTYPES_H 1
| #define HAVE_STDINT_H 1
| #define HAVE_UNISTD_H 1
| #define SIZEOF_CHAR 1
| #define SIZEOF_SHORT 2
| #define SIZEOF_INT 4
| #define SIZEOF_LONG 8
| #define SIZEOF_LONG_LONG 8
| #define SIZEOF_SIZE_T 8
| #define SIZEOF_VOID_P 8
| #define STDARCH_NULL_IS_ZERO 1
| #define STDARCH_MAX_BYTE_ALIGNMENT 16
| #define STDENDIAN16_SWAP 1
| #define STDENDIAN32_NET0_FROM_HOST 3
| #define STDENDIAN32_HOST3_FROM_NET 0
| /* end confdefs.h.  */
| 
| #include <stdlib.h>
| 
| int main()
| {
| #if (SIZEOF_INT == 4)
|   int x = 0x1;
| #elif (SIZEOF_LONG == 4)
|   long x = 0x1;
| #endif
|   char * xptr = (char*) &x;
|   int        i;
| 
|   x <<= 16;
| 
|   for (i = 0; i < sizeof(x) && xptr[i] == 0; ++i);
| 
|   exit(100 + i);
|   return 100 + i;
| }
| 
configure:7314: gcc -o conftest -Wall   conftest.c  >&5
configure:7317: $? = 0
configure:7323: ./conftest
configure:7326: $? = 101
configure: program exited with status 101
configure: failed program was:
| /* confdefs.h.  */
| #define PACKAGE_NAME ""
| #define PACKAGE_TARNAME ""
| #define PACKAGE_VERSION ""
| #define PACKAGE_STRING ""
| #define PACKAGE_BUGREPORT ""
| #define HAVE_LIBPTHREAD 1
| #define STDC_HEADERS 1
| #define HAVE_SYS_TYPES_H 1
| #define HAVE_SYS_STAT_H 1
| #define HAVE_STDLIB_H 1
| #define HAVE_STRING_H 1
| #define HAVE_MEMORY_H 1
| #define HAVE_STRINGS_H 1
| #define HAVE_INTTYPES_H 1
| #define HAVE_STDINT_H 1
| #define HAVE_UNISTD_H 1
| #define SIZEOF_CHAR 1
| #define SIZEOF_SHORT 2
| #define SIZEOF_INT 4
| #define SIZEOF_LONG 8
| #define SIZEOF_LONG_LONG 8
| #define SIZEOF_SIZE_T 8
| #define SIZEOF_VOID_P 8
| #define STDARCH_NULL_IS_ZERO 1
| #define STDARCH_MAX_BYTE_ALIGNMENT 16
| #define STDENDIAN16_SWAP 1
| #define STDENDIAN32_NET0_FROM_HOST 3
| #define STDENDIAN32_HOST3_FROM_NET 0
| #define STDENDIAN32_NET1_FROM_HOST 2
| #define STDENDIAN32_HOST2_FROM_NET 1
| /* end confdefs.h.  */
| 
| #include <stdlib.h>
| 
| int main()
| {
| #if (SIZEOF_INT == 4)
|   int x = 0x1;
| #elif (SIZEOF_LONG == 4)
|   long x = 0x1;
| #endif
|   char * xptr = (char*) &x;
|   int        i;
| 
|   x <<= 8;
| 
|   for (i = 0; i < sizeof(x) && xptr[i] == 0; ++i);
| 
|   exit(100 + i);
|   return 100 + i;
| }
| 
configure:7404: gcc -o conftest -Wall   conftest.c  >&5
configure:7407: $? = 0
configure:7413: ./conftest
configure:7416: $? = 100
configure: program exited with status 100
configure: failed program was:
| /* confdefs.h.  */
| #define PACKAGE_NAME ""
| #define PACKAGE_TARNAME ""
| #define PACKAGE_VERSION ""
| #define PACKAGE_STRING ""
| #define PACKAGE_BUGREPORT ""
| #define HAVE_LIBPTHREAD 1
| #define STDC_HEADERS 1
| #define HAVE_SYS_TYPES_H 1
| #define HAVE_SYS_STAT_H 1
| #define HAVE_STDLIB_H 1
| #define HAVE_STRING_H 1
| #define HAVE_MEMORY_H 1
| #define HAVE_STRINGS_H 1
| #define HAVE_INTTYPES_H 1
| #define HAVE_STDINT_H 1
| #define HAVE_UNISTD_H 1
| #define SIZEOF_CHAR 1
| #define SIZEOF_SHORT 2
| #define SIZEOF_INT 4
| #define SIZEOF_LONG 8
| #define SIZEOF_LONG_LONG 8
| #define SIZEOF_SIZE_T 8
| #define SIZEOF_VOID_P 8
| #define STDARCH_NULL_IS_ZERO 1
| #define STDARCH_MAX_BYTE_ALIGNMENT 16
| #define STDENDIAN16_SWAP 1
| #define STDENDIAN32_NET0_FROM_HOST 3
| #define STDENDIAN32_HOST3_FROM_NET 0
| #define STDENDIAN32_NET1_FROM_HOST 2
| #define STDENDIAN32_HOST2_FROM_NET 1
| #define STDENDIAN32_NET2_FROM_HOST 1
| #define STDENDIAN32_HOST1_FROM_NET 2
| /* end confdefs.h.  */
| 
| #include <stdlib.h>
| 
| int main()
| {
| #if (SIZEOF_INT == 4)
|   int x = 0x1;
| #elif (SIZEOF_LONG == 4)
|   long x = 0x1;
| #endif
|   char * xptr = (char*) &x;
|   int        i;
| 
|   x <<= 0;
| 
|   for (i = 0; i < sizeof(x) && xptr[i] == 0; ++i);
| 
|   exit(100 + i);
|   return 100 + i;
| }
| 
configure:7496: gcc -o conftest -Wall   conftest.c  >&5
configure:7499: $? = 0
configure:7505: ./conftest
configure:7508: $? = 107
configure: program exited with status 107
configure: failed program was:
| /* confdefs.h.  */
| #define PACKAGE_NAME ""
| #define PACKAGE_TARNAME ""
| #define PACKAGE_VERSION ""
| #define PACKAGE_STRING ""
| #define PACKAGE_BUGREPORT ""
| #define HAVE_LIBPTHREAD 1
| #define STDC_HEADERS 1
| #define HAVE_SYS_TYPES_H 1
| #define HAVE_SYS_STAT_H 1
| #define HAVE_STDLIB_H 1
| #define HAVE_STRING_H 1
| #define HAVE_MEMORY_H 1
| #define HAVE_STRINGS_H 1
| #define HAVE_INTTYPES_H 1
| #define HAVE_STDINT_H 1
| #define HAVE_UNISTD_H 1
| #define SIZEOF_CHAR 1
| #define SIZEOF_SHORT 2
| #define SIZEOF_INT 4
| #define SIZEOF_LONG 8
| #define SIZEOF_LONG_LONG 8
| #define SIZEOF_SIZE_T 8
| #define SIZEOF_VOID_P 8
| #define STDARCH_NULL_IS_ZERO 1
| #define STDARCH_MAX_BYTE_ALIGNMENT 16
| #define STDENDIAN16_SWAP 1
| #define STDENDIAN32_NET0_FROM_HOST 3
| #define STDENDIAN32_HOST3_FROM_NET 0
| #define STDENDIAN32_NET1_FROM_HOST 2
| #define STDENDIAN32_HOST2_FROM_NET 1
| #define STDENDIAN32_NET2_FROM_HOST 1
| #define STDENDIAN32_HOST1_FROM_NET 2
| #define STDENDIAN32_NET3_FROM_HOST 0
| #define STDENDIAN32_HOST0_FROM_NET 3
| /* end confdefs.h.  */
| 
| #include <stdlib.h>
| 
| int main()
| {
| #if defined(_MSC_VER)
|   __int64 x = 0x1;
| #elif (SIZEOF_LONG == 8)
|   long x = 0x1;
| #elif (SIZEOF_LONG_LONG == 8)
|   long long x = 0x1;
| #endif
|   char * xptr = (char*) &x;
|   int        i;
| 
|   x <<= 56;
| 
|   for (i = 0; i < sizeof(x) && xptr[i] == 0; ++i);
| 
|   exit(100 + i);
|   return 100 + i;
| }
| 
configure:7588: gcc -o conftest -Wall   conftest.c  >&5
configure:7591: $? = 0
configure:7597: ./conftest
configure:7600: $? = 106
configure: program exited with status 106
configure: failed program was:
| /* confdefs.h.  */
| #define PACKAGE_NAME ""
| #define PACKAGE_TARNAME ""
| #define PACKAGE_VERSION ""
| #define PACKAGE_STRING ""
| #define PACKAGE_BUGREPORT ""
| #define HAVE_LIBPTHREAD 1
| #define STDC_HEADERS 1
| #define HAVE_SYS_TYPES_H 1
| #define HAVE_SYS_STAT_H 1
| #define HAVE_STDLIB_H 1
| #define HAVE_STRING_H 1
| #define HAVE_MEMORY_H 1
| #define HAVE_STRINGS_H 1
| #define HAVE_INTTYPES_H 1
| #define HAVE_STDINT_H 1
| #define HAVE_UNISTD_H 1
| #define SIZEOF_CHAR 1
| #define SIZEOF_SHORT 2
| #define SIZEOF_INT 4
| #define SIZEOF_LONG 8
| #define SIZEOF_LONG_LONG 8
| #define SIZEOF_SIZE_T 8
| #define SIZEOF_VOID_P 8
| #define STDARCH_NULL_IS_ZERO 1
| #define STDARCH_MAX_BYTE_ALIGNMENT 16
| #define STDENDIAN16_SWAP 1
| #define STDENDIAN32_NET0_FROM_HOST 3
| #define STDENDIAN32_HOST3_FROM_NET 0
| #define STDENDIAN32_NET1_FROM_HOST 2
| #define STDENDIAN32_HOST2_FROM_NET 1
| #define STDENDIAN32_NET2_FROM_HOST 1
| #define STDENDIAN32_HOST1_FROM_NET 2
| #define STDENDIAN32_NET3_FROM_HOST 0
| #define STDENDIAN32_HOST0_FROM_NET 3
| #define STDENDIAN64_NET0_FROM_HOST 7
| #define STDENDIAN64_HOST7_FROM_NET 0
| /* end confdefs.h.  */
| 
| #include <stdlib.h>
| 
| int main()
| {
| #if defined(_MSC_VER)
|   __int64 x = 0x1;
| #elif (SIZEOF_LONG == 8)
|   long x = 0x1;
| #elif (SIZEOF_LONG_LONG == 8)
|   long long x = 0x1;
| #endif
|   char * xptr = (char*) &x;
|   int        i;
| 
|   x <<= 48;
| 
|   for (i = 0; i < sizeof(x) && xptr[i] == 0; ++i);
| 
|   exit(100 + i);
|   return 100 + i;
| }
| 
configure:7680: gcc -o conftest -Wall   conftest.c  >&5
configure:7683: $? = 0
configure:7689: ./conftest
configure:7692: $? = 105
configure: program exited with status 105
configure: failed program was:
| /* confdefs.h.  */
| #define PACKAGE_NAME ""
| #define PACKAGE_TARNAME ""
| #define PACKAGE_VERSION ""
| #define PACKAGE_STRING ""
| #define PACKAGE_BUGREPORT ""
| #define HAVE_LIBPTHREAD 1
| #define STDC_HEADERS 1
| #define HAVE_SYS_TYPES_H 1
| #define HAVE_SYS_STAT_H 1
| #define HAVE_STDLIB_H 1
| #define HAVE_STRING_H 1
| #define HAVE_MEMORY_H 1
| #define HAVE_STRINGS_H 1
| #define HAVE_INTTYPES_H 1
| #define HAVE_STDINT_H 1
| #define HAVE_UNISTD_H 1
| #define SIZEOF_CHAR 1
| #define SIZEOF_SHORT 2
| #define SIZEOF_INT 4
| #define SIZEOF_LONG 8
| #define SIZEOF_LONG_LONG 8
| #define SIZEOF_SIZE_T 8
| #define SIZEOF_VOID_P 8
| #define STDARCH_NULL_IS_ZERO 1
| #define STDARCH_MAX_BYTE_ALIGNMENT 16
| #define STDENDIAN16_SWAP 1
| #define STDENDIAN32_NET0_FROM_HOST 3
| #define STDENDIAN32_HOST3_FROM_NET 0
| #define STDENDIAN32_NET1_FROM_HOST 2
| #define STDENDIAN32_HOST2_FROM_NET 1
| #define STDENDIAN32_NET2_FROM_HOST 1
| #define STDENDIAN32_HOST1_FROM_NET 2
| #define STDENDIAN32_NET3_FROM_HOST 0
| #define STDENDIAN32_HOST0_FROM_NET 3
| #define STDENDIAN64_NET0_FROM_HOST 7
| #define STDENDIAN64_HOST7_FROM_NET 0
| #define STDENDIAN64_NET1_FROM_HOST 6
| #define STDENDIAN64_HOST6_FROM_NET 1
| /* end confdefs.h.  */
| 
| #include <stdlib.h>
| 
| int main()
| {
| #if defined(_MSC_VER)
|   __int64 x = 0x1;
| #elif (SIZEOF_LONG == 8)
|   long x = 0x1;
| #elif (SIZEOF_LONG_LONG == 8)
|   long long x = 0x1;
| #endif
|   char * xptr = (char*) &x;
|   int        i;
| 
|   x <<= 40;
| 
|   for (i = 0; i < sizeof(x) && xptr[i] == 0; ++i);
| 
|   exit(100 + i);
|   return 100 + i;
| }
| 
configure:7772: gcc -o conftest -Wall   conftest.c  >&5
configure:7775: $? = 0
configure:7781: ./conftest
configure:7784: $? = 104
configure: program exited with status 104
configure: failed program was:
| /* confdefs.h.  */
| #define PACKAGE_NAME ""
| #define PACKAGE_TARNAME ""
| #define PACKAGE_VERSION ""
| #define PACKAGE_STRING ""
| #define PACKAGE_BUGREPORT ""
| #define HAVE_LIBPTHREAD 1
| #define STDC_HEADERS 1
| #define HAVE_SYS_TYPES_H 1
| #define HAVE_SYS_STAT_H 1
| #define HAVE_STDLIB_H 1
| #define HAVE_STRING_H 1
| #define HAVE_MEMORY_H 1
| #define HAVE_STRINGS_H 1
| #define HAVE_INTTYPES_H 1
| #define HAVE_STDINT_H 1
| #define HAVE_UNISTD_H 1
| #define SIZEOF_CHAR 1
| #define SIZEOF_SHORT 2
| #define SIZEOF_INT 4
| #define SIZEOF_LONG 8
| #define SIZEOF_LONG_LONG 8
| #define SIZEOF_SIZE_T 8
| #define SIZEOF_VOID_P 8
| #define STDARCH_NULL_IS_ZERO 1
| #define STDARCH_MAX_BYTE_ALIGNMENT 16
| #define STDENDIAN16_SWAP 1
| #define STDENDIAN32_NET0_FROM_HOST 3
| #define STDENDIAN32_HOST3_FROM_NET 0
| #define STDENDIAN32_NET1_FROM_HOST 2
| #define STDENDIAN32_HOST2_FROM_NET 1
| #define STDENDIAN32_NET2_FROM_HOST 1
| #define STDENDIAN32_HOST1_FROM_NET 2
| #define STDENDIAN32_NET3_FROM_HOST 0
| #define STDENDIAN32_HOST0_FROM_NET 3
| #define STDENDIAN64_NET0_FROM_HOST 7
| #define STDENDIAN64_HOST7_FROM_NET 0
| #define STDENDIAN64_NET1_FROM_HOST 6
| #define STDENDIAN64_HOST6_FROM_NET 1
| #define STDENDIAN64_NET2_FROM_HOST 5
| #define STDENDIAN64_HOST5_FROM_NET 2
| /* end confdefs.h.  */
| 
| #include <stdlib.h>
| 
| int main()
| {
| #if defined(_MSC_VER)
|   __int64 x = 0x1;
| #elif (SIZEOF_LONG == 8)
|   long x = 0x1;
| #elif (SIZEOF_LONG_LONG == 8)
|   long long x = 0x1;
| #endif
|   char * xptr = (char*) &x;
|   int        i;
| 
|   x <<= 32;
| 
|   for (i = 0; i < sizeof(x) && xptr[i] == 0; ++i);
| 
|   exit(100 + i);
|   return 100 + i;
| }
| 
configure:7864: gcc -o conftest -Wall   conftest.c  >&5
configure:7867: $? = 0
configure:7873: ./conftest
configure:7876: $? = 103
configure: program exited with status 103
configure: failed program was:
| /* confdefs.h.  */
| #define PACKAGE_NAME ""
| #define PACKAGE_TARNAME ""
| #define PACKAGE_VERSION ""
| #define PACKAGE_STRING ""
| #define PACKAGE_BUGREPORT ""
| #define HAVE_LIBPTHREAD 1
| #define STDC_HEADERS 1
| #define HAVE_SYS_TYPES_H 1
| #define HAVE_SYS_STAT_H 1
| #define HAVE_STDLIB_H 1
| #define HAVE_STRING_H 1
| #define HAVE_MEMORY_H 1
| #define HAVE_STRINGS_H 1
| #define HAVE_INTTYPES_H 1
| #define HAVE_STDINT_H 1
| #define HAVE_UNISTD_H 1
| #define SIZEOF_CHAR 1
| #define SIZEOF_SHORT 2
| #define SIZEOF_INT 4
| #define SIZEOF_LONG 8
| #define SIZEOF_LONG_LONG 8
| #define SIZEOF_SIZE_T 8
| #define SIZEOF_VOID_P 8
| #define STDARCH_NULL_IS_ZERO 1
| #define STDARCH_MAX_BYTE_ALIGNMENT 16
| #define STDENDIAN16_SWAP 1
| #define STDENDIAN32_NET0_FROM_HOST 3
| #define STDENDIAN32_HOST3_FROM_NET 0
| #define STDENDIAN32_NET1_FROM_HOST 2
| #define STDENDIAN32_HOST2_FROM_NET 1
| #define STDENDIAN32_NET2_FROM_HOST 1
| #define STDENDIAN32_HOST1_FROM_NET 2
| #define STDENDIAN32_NET3_FROM_HOST 0
| #define STDENDIAN32_HOST0_FROM_NET 3
| #define STDENDIAN64_NET0_FROM_HOST 7
| #define STDENDIAN64_HOST7_FROM_NET 0
| #define STDENDIAN64_NET1_FROM_HOST 6
| #define STDENDIAN64_HOST6_FROM_NET 1
| #define STDENDIAN64_NET2_FROM_HOST 5
| #define STDENDIAN64_HOST5_FROM_NET 2
| #define STDENDIAN64_NET3_FROM_HOST 4
| #define STDENDIAN64_HOST4_FROM_NET 3
| /* end confdefs.h.  */
| 
| #include <stdlib.h>
| 
| int main()
| {
| #if defined(_MSC_VER)
|   __int64 x = 0x1;
| #elif (SIZEOF_LONG == 8)
|   long x = 0x1;
| #elif (SIZEOF_LONG_LONG == 8)
|   long long x = 0x1;
| #endif
|   char * xptr = (char*) &x;
|   int        i;
| 
|   x <<= 24;
| 
|   for (i = 0; i < sizeof(x) && xptr[i] == 0; ++i);
| 
|   exit(100 + i);
|   return 100 + i;
| }
| 
configure:7956: gcc -o conftest -Wall   conftest.c  >&5
configure:7959: $? = 0
configure:7965: ./conftest
configure:7968: $? = 102
configure: program exited with status 102
configure: failed program was:
| /* confdefs.h.  */
| #define PACKAGE_NAME ""
| #define PACKAGE_TARNAME ""
| #define PACKAGE_VERSION ""
| #define PACKAGE_STRING ""
| #define PACKAGE_BUGREPORT ""
| #define HAVE_LIBPTHREAD 1
| #define STDC_HEADERS 1
| #define HAVE_SYS_TYPES_H 1
| #define HAVE_SYS_STAT_H 1
| #define HAVE_STDLIB_H 1
| #define HAVE_STRING_H 1
| #define HAVE_MEMORY_H 1
| #define HAVE_STRINGS_H 1
| #define HAVE_INTTYPES_H 1
| #define HAVE_STDINT_H 1
| #define HAVE_UNISTD_H 1
| #define SIZEOF_CHAR 1
| #define SIZEOF_SHORT 2
| #define SIZEOF_INT 4
| #define SIZEOF_LONG 8
| #define SIZEOF_LONG_LONG 8
| #define SIZEOF_SIZE_T 8
| #define SIZEOF_VOID_P 8
| #define STDARCH_NULL_IS_ZERO 1
| #define STDARCH_MAX_BYTE_ALIGNMENT 16
| #define STDENDIAN16_SWAP 1
| #define STDENDIAN32_NET0_FROM_HOST 3
| #define STDENDIAN32_HOST3_FROM_NET 0
| #define STDENDIAN32_NET1_FROM_HOST 2
| #define STDENDIAN32_HOST2_FROM_NET 1
| #define STDENDIAN32_NET2_FROM_HOST 1
| #define STDENDIAN32_HOST1_FROM_NET 2
| #define STDENDIAN32_NET3_FROM_HOST 0
| #define STDENDIAN32_HOST0_FROM_NET 3
| #define STDENDIAN64_NET0_FROM_HOST 7
| #define STDENDIAN64_HOST7_FROM_NET 0
| #define STDENDIAN64_NET1_FROM_HOST 6
| #define STDENDIAN64_HOST6_FROM_NET 1
| #define STDENDIAN64_NET2_FROM_HOST 5
| #define STDENDIAN64_HOST5_FROM_NET 2
| #define STDENDIAN64_NET3_FROM_HOST 4
| #define STDENDIAN64_HOST4_FROM_NET 3
| #define STDENDIAN64_NET4_FROM_HOST 3
| #define STDENDIAN64_HOST3_FROM_NET 4
| /* end confdefs.h.  */
| 
| #include <stdlib.h>
| 
| int main()
| {
| #if defined(_MSC_VER)
|   __int64 x = 0x1;
| #elif (SIZEOF_LONG == 8)
|   long x = 0x1;
| #elif (SIZEOF_LONG_LONG == 8)
|   long long x = 0x1;
| #endif
|   char * xptr = (char*) &x;
|   int        i;
| 
|   x <<= 16;
| 
|   for (i = 0; i < sizeof(x) && xptr[i] == 0; ++i);
| 
|   exit(100 + i);
|   return 100 + i;
| }
| 
configure:8048: gcc -o conftest -Wall   conftest.c  >&5
configure:8051: $? = 0
configure:8057: ./conftest
configure:8060: $? = 101
configure: program exited with status 101
configure: failed program was:
| /* confdefs.h.  */
| #define PACKAGE_NAME ""
| #define PACKAGE_TARNAME ""
| #define PACKAGE_VERSION ""
| #define PACKAGE_STRING ""
| #define PACKAGE_BUGREPORT ""
| #define HAVE_LIBPTHREAD 1
| #define STDC_HEADERS 1
| #define HAVE_SYS_TYPES_H 1
| #define HAVE_SYS_STAT_H 1
| #define HAVE_STDLIB_H 1
| #define HAVE_STRING_H 1
| #define HAVE_MEMORY_H 1
| #define HAVE_STRINGS_H 1
| #define HAVE_INTTYPES_H 1
| #define HAVE_STDINT_H 1
| #define HAVE_UNISTD_H 1
| #define SIZEOF_CHAR 1
| #define SIZEOF_SHORT 2
| #define SIZEOF_INT 4
| #define SIZEOF_LONG 8
| #define SIZEOF_LONG_LONG 8
| #define SIZEOF_SIZE_T 8
| #define SIZEOF_VOID_P 8
| #define STDARCH_NULL_IS_ZERO 1
| #define STDARCH_MAX_BYTE_ALIGNMENT 16
| #define STDENDIAN16_SWAP 1
| #define STDENDIAN32_NET0_FROM_HOST 3
| #define STDENDIAN32_HOST3_FROM_NET 0
| #define STDENDIAN32_NET1_FROM_HOST 2
| #define STDENDIAN32_HOST2_FROM_NET 1
| #define STDENDIAN32_NET2_FROM_HOST 1
| #define STDENDIAN32_HOST1_FROM_NET 2
| #define STDENDIAN32_NET3_FROM_HOST 0
| #define STDENDIAN32_HOST0_FROM_NET 3
| #define STDENDIAN64_NET0_FROM_HOST 7
| #define STDENDIAN64_HOST7_FROM_NET 0
| #define STDENDIAN64_NET1_FROM_HOST 6
| #define STDENDIAN64_HOST6_FROM_NET 1
| #define STDENDIAN64_NET2_FROM_HOST 5
| #define STDENDIAN64_HOST5_FROM_NET 2
| #define STDENDIAN64_NET3_FROM_HOST 4
| #define STDENDIAN64_HOST4_FROM_NET 3
| #define STDENDIAN64_NET4_FROM_HOST 3
| #define STDENDIAN64_HOST3_FROM_NET 4
| #define STDENDIAN64_NET5_FROM_HOST 2
| #define STDENDIAN64_HOST2_FROM_NET 5
| /* end confdefs.h.  */
| 
| #include <stdlib.h>
| 
| int main()
| {
| #if defined(_MSC_VER)
|   __int64 x = 0x1;
| #elif (SIZEOF_LONG == 8)
|   long x = 0x1;
| #elif (SIZEOF_LONG_LONG == 8)
|   long long x = 0x1;
| #endif
|   char * xptr = (char*) &x;
|   int        i;
| 
|   x <<= 8;
| 
|   for (i = 0; i < sizeof(x) && xptr[i] == 0; ++i);
| 
|   exit(100 + i);
|   return 100 + i;
| }
| 
configure:8141: gcc -o conftest -Wall   conftest.c  >&5
configure:8144: $? = 0
configure:8150: ./conftest
configure:8153: $? = 100
configure: program exited with status 100
configure: failed program was:
| /* confdefs.h.  */
| #define PACKAGE_NAME ""
| #define PACKAGE_TARNAME ""
| #define PACKAGE_VERSION ""
| #define PACKAGE_STRING ""
| #define PACKAGE_BUGREPORT ""
| #define HAVE_LIBPTHREAD 1
| #define STDC_HEADERS 1
| #define HAVE_SYS_TYPES_H 1
| #define HAVE_SYS_STAT_H 1
| #define HAVE_STDLIB_H 1
| #define HAVE_STRING_H 1
| #define HAVE_MEMORY_H 1
| #define HAVE_STRINGS_H 1
| #define HAVE_INTTYPES_H 1
| #define HAVE_STDINT_H 1
| #define HAVE_UNISTD_H 1
| #define SIZEOF_CHAR 1
| #define SIZEOF_SHORT 2
| #define SIZEOF_INT 4
| #define SIZEOF_LONG 8
| #define SIZEOF_LONG_LONG 8
| #define SIZEOF_SIZE_T 8
| #define SIZEOF_VOID_P 8
| #define STDARCH_NULL_IS_ZERO 1
| #define STDARCH_MAX_BYTE_ALIGNMENT 16
| #define STDENDIAN16_SWAP 1
| #define STDENDIAN32_NET0_FROM_HOST 3
| #define STDENDIAN32_HOST3_FROM_NET 0
| #define STDENDIAN32_NET1_FROM_HOST 2
| #define STDENDIAN32_HOST2_FROM_NET 1
| #define STDENDIAN32_NET2_FROM_HOST 1
| #define STDENDIAN32_HOST1_FROM_NET 2
| #define STDENDIAN32_NET3_FROM_HOST 0
| #define STDENDIAN32_HOST0_FROM_NET 3
| #define STDENDIAN64_NET0_FROM_HOST 7
| #define STDENDIAN64_HOST7_FROM_NET 0
| #define STDENDIAN64_NET1_FROM_HOST 6
| #define STDENDIAN64_HOST6_FROM_NET 1
| #define STDENDIAN64_NET2_FROM_HOST 5
| #define STDENDIAN64_HOST5_FROM_NET 2
| #define STDENDIAN64_NET3_FROM_HOST 4
| #define STDENDIAN64_HOST4_FROM_NET 3
| #define STDENDIAN64_NET4_FROM_HOST 3
| #define STDENDIAN64_HOST3_FROM_NET 4
| #define STDENDIAN64_NET5_FROM_HOST 2
| #define STDENDIAN64_HOST2_FROM_NET 5
| #define STDENDIAN64_NET6_FROM_HOST 1
| #define STDENDIAN64_HOST1_FROM_NET 6
| /* end confdefs.h.  */
| 
| #include <stdlib.h>
| 
| int main()
| {
| #if defined(_MSC_VER)
|   __int64 x = 0x1;
| #elif (SIZEOF_LONG == 8)
|   long x = 0x1;
| #elif (SIZEOF_LONG_LONG == 8)
|   long long x = 0x1;
| #endif
|   char * xptr = (char*) &x;
|   int        i;
| 
|   x <<= 0;
| 
|   for (i = 0; i < sizeof(x) && xptr[i] == 0; ++i);
| 
|   exit(100 + i);
|   return 100 + i;
| }
| 
configure:8176: result: done
configure:8284: creating ./config.status

## ---------------------- ##
## Running config.status. ##
## ---------------------- ##

This file was extended by config.status, which was
generated by GNU Autoconf 2.61.  Invocation command line was

  CONFIG_FILES    = 
  CONFIG_HEADERS  = 
  CONFIG_LINKS    = 
  CONFIG_COMMANDS = 
  $ ./config.status 

on 51df8a170eb5

config.status:616: creating src/Makefile
config.status:616: creating include/stdutil/private/stdarch_autoconf.h
config.status:877: include/stdutil/private/stdarch_autoconf.h is unchanged

## ---------------- ##
## Cache variables. ##
## ---------------- ##

ac_cv_build=x86_64-pc-linux-gnu
ac_cv_c_compiler_gnu=yes
ac_cv_env_CC_set=
ac_cv_env_CC_value=
ac_cv_env_CFLAGS_set=
ac_cv_env_CFLAGS_value=
ac_cv_env_CPPFLAGS_set=
ac_cv_env_CPPFLAGS_value=
ac_cv_env_CPP_set=
ac_cv_env_CPP_value=
ac_cv_env_LDFLAGS_set=
ac_cv_env_LDFLAGS_value=
ac_cv_env_LIBS_set=
ac_cv_env_LIBS_value=
ac_cv_env_build_alias_set=
ac_cv_env_build_alias_value=
ac_cv_env_host_alias_set=
ac_cv_env_host_alias_value=
ac_cv_env_target_alias_set=
ac_cv_env_target_alias_value=
ac_cv_header_inttypes_h=yes
ac_cv_header_memory_h=yes
ac_cv_header_stdc=yes
ac_cv_header_stdint_h=yes
ac_cv_header_stdlib_h=yes
ac_cv_header_string_h=yes
ac_cv_header_strings_h=yes
ac_cv_header_sys_stat_h=yes
ac_cv_header_sys_types_h=yes
ac_cv_header_unistd_h=yes
ac_cv_host=x86_64-pc-linux-gnu
ac_cv_lib_posix4_sem_wait=no
ac_cv_lib_pthread_pthread_create=yes
ac_cv_lib_thread_thr_create=no
ac_cv_objext=o
ac_cv_path_AR=/usr/bin/ar
ac_cv_path_EGREP='/usr/bin/grep -E'
ac_cv_path_GREP=/usr/bin/grep
ac_cv_path_install='/usr/bin/install -c'
ac_cv_prog_CPP='gcc -E'
ac_cv_prog_ac_ct_CC=gcc
ac_cv_prog_cc_c89=
ac_cv_prog_cc_g=yes
ac_cv_sizeof_char=1
ac_cv_sizeof_int=4
ac_cv_sizeof_long=8
ac_cv_sizeof_long_long=8
ac_cv_sizeof_short=2
ac_cv_sizeof_size_t=8
ac_cv_sizeof_void_p=8
ac_cv_type_char=yes
ac_cv_type_int=yes
ac_cv_type_long=yes
ac_cv_type_long_long=yes
ac_cv_type_short=yes
ac_cv_type_size_t=yes
ac_cv_type_void_p=yes

## ----------------- ##
## Output variables. ##
## ----------------- ##

AR='/usr/bin/ar'
CC='gcc'
CFLAGS='-Wall'
CPP='gcc -E'
CPPFLAGS=''
DEFS='-DHAVE_CONFIG_H'
DYNLIBEXT='so'
ECHO_C=''
ECHO_N='-n'
ECHO_T=''
EGREP='/usr/bin/grep -E'
EXEEXT=''
GREP='/usr/bin/grep'
INSTALL_DATA='${INSTALL} -m 644'
INSTALL_PROGRAM='${INSTALL}'
INSTALL_SCRIPT='${INSTALL}'
LDFLAGS=''
LIBOBJS=''
LIBS=''
LN_S='ln -s'
LTLIBOBJS=''
OBJEXT='o'
PACKAGE_BUGREPORT=''
PACKAGE_NAME=''
PACKAGE_STRING=''
PACKAGE_TARNAME=''
PACKAGE_VERSION=''
PATH_SEPARATOR=':'
SHARED_LIBS='$(SHARED_LIBS)'
SHCC='gcc'
SHCFLAGS='-Wall -fPIC'
SHCPPFLAGS=''
SHELL='/bin/bash'
SHLD='gcc -shared'
SHLDFLAGS=' '
SHLIBS=''
STANDARD_LIBS='$(STATIC_THREADED_DEBUG_LIB) $(STATIC_THREADED_RELEASE_LIB) $(SHARED_THREADED_DEBUG_LIB) $(SHARED_THREADED_RELEASE_LIB)'
THLDFLAGS='-pthread '
THLIBS='-lpthread '
ac_ct_CC='gcc'
bindir='${exec_prefix}/bin'
build='x86_64-pc-linux-gnu'
build_alias=''
build_cpu='x86_64'
build_os='linux-gnu'
build_vendor='pc'
datadir='${datarootdir}'
datarootdir='${prefix}/share'
docdir='${datarootdir}/doc/${PACKAGE}'
dvidir='${docdir}'
exec_prefix='${prefix}'
host='x86_64-pc-linux-gnu'
host_alias=''
host_cpu='x86_64'
host_os='linux-gnu'
host_vendor='pc'
htmldir='${docdir}'
includedir='${prefix}/include'
infodir='${datarootdir}/info'
libdir='${exec_prefix}/lib'
libexecdir='${exec_prefix}/libexec'
localedir='${datarootdir}/locale'
localstatedir='${prefix}/var'
mandir='${datarootdir}/man'
oldincludedir='/usr/include'
pdfdir='${docdir}'
prefix='/usr/local'
program_transform_name='s,x,x,'
psdir='${docdir}'
sbindir='${exec_prefix}/sbin'
sharedstatedir='${prefix}/com'
sysconfdir='${prefix}/etc'
target_alias=''

## ----------- ##
## confdefs.h. ##
## ----------- ##

#define PACKAGE_NAME ""
#define PACKAGE_TARNAME ""
#define PACKAGE_VERSION ""
#define PACKAGE_STRING ""
#define PACKAGE_BUGREPORT ""
#define HAVE_LIBPTHREAD 1
#define STDC_HEADERS 1
#define HAVE_SYS_TYPES_H 1
#define HAVE_SYS_STAT_H 1
#define HAVE_STDLIB_H 1
#define HAVE_STRING_H 1
#define HAVE_MEMORY_H 1
#define HAVE_STRINGS_H 1
#define HAVE_INTTYPES_H 1
#define HAVE_STDINT_H 1
#define HAVE_UNISTD_H 1
#define SIZEOF_CHAR 1
#define SIZEOF_SHORT 2
#define SIZEOF_INT 4
#define SIZEOF_LONG 8
#define SIZEOF_LONG_LONG 8
#define SIZEOF_SIZE_T 8
#define SIZEOF_VOID_P 8
#define STDARCH_NULL_IS_ZERO 1
#define STDARCH_MAX_BYTE_ALIGNMENT 16
#define STDENDIAN16_SWAP 1
#define STDENDIAN32_NET0_FROM_HOST 3
#define STDENDIAN32_HOST3_FROM_NET 0
#define STDENDIAN32_NET1_FROM_HOST 2
#define STDENDIAN32_HOST2_FROM_NET 1
#define STDENDIAN32_NET2_FROM_HOST 1
#define STDENDIAN32_HOST1_FROM_NET 2
#define STDENDIAN32_NET3_FROM_HOST 0
#define STDENDIAN32_HOST0_FROM_NET 3
#define STDENDIAN64_NET0_FROM_HOST 7
#define STDENDIAN64_HOST7_FROM_NET 0
#define STDENDIAN64_NET1_FROM_HOST 6
#define STDENDIAN64_HOST6_FROM_NET 1
#define STDENDIAN64_NET2_FROM_HOST 5
#define STDENDIAN64_HOST5_FROM_NET 2
#define STDENDIAN64_NET3_FROM_HOST 4
#define STDENDIAN64_HOST4_FROM_NET 3
#define STDENDIAN64_NET4_FROM_HOST 3
#define STDENDIAN64_HOST3_FROM_NET 4
#define STDENDIAN64_NET5_FROM_HOST 2
#define STDENDIAN64_HOST2_FROM_NET 5
#define STDENDIAN64_NET6_FROM_HOST 1
#define STDENDIAN64_HOST1_FROM_NET 6
#define STDENDIAN64_NET7_FROM_HOST 0
#define STDENDIAN64_HOST0_FROM_NET 7

configure: exit 0
